
> tourdashboard@0.1.0 build
> next build

   ظû▓ Next.js 14.0.0
   - Environments: .env

   Creating an optimized production build ...
 ظ£ô Compiled successfully
   Linting and checking validity of types ...

./src/app/admin/page.tsx
292:45  Warning: Using `<img>` could result in slower LCP and higher bandwidth. Consider using `<Image />` from `next/image` to automatically optimize images. This may incur additional usage or cost from your provider. See: https://nextjs.org/docs/messages/no-img-element  @next/next/no-img-element
527:25  Warning: Using `<img>` could result in slower LCP and higher bandwidth. Consider using `<Image />` from `next/image` to automatically optimize images. This may incur additional usage or cost from your provider. See: https://nextjs.org/docs/messages/no-img-element  @next/next/no-img-element
678:25  Warning: Using `<img>` could result in slower LCP and higher bandwidth. Consider using `<Image />` from `next/image` to automatically optimize images. This may incur additional usage or cost from your provider. See: https://nextjs.org/docs/messages/no-img-element  @next/next/no-img-element

./src/app/page.tsx
51:13  Warning: Using `<img>` could result in slower LCP and higher bandwidth. Consider using `<Image />` from `next/image` to automatically optimize images. This may incur additional usage or cost from your provider. See: https://nextjs.org/docs/messages/no-img-element  @next/next/no-img-element

./src/app/tournament/[id]/page.tsx
158:21  Warning: Using `<img>` could result in slower LCP and higher bandwidth. Consider using `<Image />` from `next/image` to automatically optimize images. This may incur additional usage or cost from your provider. See: https://nextjs.org/docs/messages/no-img-element  @next/next/no-img-element

./src/components/TournamentCard.tsx
47:21  Warning: Using `<img>` could result in slower LCP and higher bandwidth. Consider using `<Image />` from `next/image` to automatically optimize images. This may incur additional usage or cost from your provider. See: https://nextjs.org/docs/messages/no-img-element  @next/next/no-img-element

info  - Need to disable some ESLint rules? Learn more here: https://nextjs.org/docs/basic-features/eslint#disabling-rules
node.exe : Failed to compile.
At C:\nvm4w\nodejs\npm.ps1:16 char:5
+     & "$basedir/node$exe"  "$basedir/node_modules/npm/bin/npm-cli.js" ...
+     ~~~~~~~~~~~~~~~~~~~~~~~~~~~~~~~~~~~~~~~~~~~~~~~~~~~~~~~~~~~~~~~~~
    + CategoryInfo          : NotSpecified: (Failed to compile.:String) [], RemoteException
    + FullyQualifiedErrorId : NativeCommandError
 

./src/components/FestiveEffects.tsx:78:46
Type error: Cannot find name 'colors'.

[0m [90m 76 |[39m                         className[33m=[39m[32m"absolute w-2 h-2 rounded-sm"[39m[0m
[0m [90m 77 |[39m                         style[33m=[39m{{[0m
[0m[31m[1m>[22m[39m[90m 78 |[39m                             backgroundColor[33m:[39m 
colors[[33mMath[39m[33m.[39mfloor([33mMath[39m[33m.[39mrandom() [33m*[39m 
colors[33m.[39mlength)][33m,[39m[0m
[0m [90m    |[39m                                              [31m[1m^[22m[39m[0m
[0m [90m 79 |[39m                             opacity[33m:[39m [35m0.6[39m[0m
[0m [90m 80 |[39m                         }}[0m
[0m [90m 81 |[39m                     [33m/[39m[33m>[39m[0m
